invalid line of input f
Traceback (most recent call last):
  File "/Users/James/Library/Mobile Documents/com~apple~CloudDocs/James's Files/Education/Syracuse/Semesters/October 2021/CIS 655 - Advanced computer architecture/HW2/VLQRISC_Simulator/src/GUI/ui_child.py", line 37, in update
    line_data = lp.parse()
  File "/Users/James/Library/Mobile Documents/com~apple~CloudDocs/James's Files/Education/Syracuse/Semesters/October 2021/CIS 655 - Advanced computer architecture/HW2/VLQRISC_Simulator/src/VLQRISC_Assembler/parser.py", line 33, in parse
    self.line_data.opcode_int, self.line_data.opcode_str, self.line_data.type = self.__get_op_info()
  File "/Users/James/Library/Mobile Documents/com~apple~CloudDocs/James's Files/Education/Syracuse/Semesters/October 2021/CIS 655 - Advanced computer architecture/HW2/VLQRISC_Simulator/src/VLQRISC_Assembler/parser.py", line 132, in __get_op_info
    raise InvalidOperationInput(f"invalid line of input {self.line}")
src.VLQRISC_Assembler.parser.InvalidOperationInput: invalid line of input f
Instruction type not implemented
Traceback (most recent call last):
  File "/Users/James/Library/Mobile Documents/com~apple~CloudDocs/James's Files/Education/Syracuse/Semesters/October 2021/CIS 655 - Advanced computer architecture/HW2/VLQRISC_Simulator/src/GUI/ui_child.py", line 44, in update
    instruction = instruction_generator.generate()
  File "/Users/James/Library/Mobile Documents/com~apple~CloudDocs/James's Files/Education/Syracuse/Semesters/October 2021/CIS 655 - Advanced computer architecture/HW2/VLQRISC_Simulator/src/VLQRISC_Assembler/instructionGenerator.py", line 31, in generate
    raise OpTypeNotRecognized("Instruction type not implemented")
src.VLQRISC_Assembler.instructionGenerator.OpTypeNotRecognized: Instruction type not implemented
list index out of range
Traceback (most recent call last):
  File "/Users/James/Library/Mobile Documents/com~apple~CloudDocs/James's Files/Education/Syracuse/Semesters/October 2021/CIS 655 - Advanced computer architecture/HW2/VLQRISC_Simulator/src/GUI/ui_child.py", line 51, in update
    self.system.execute(instruction)
  File "/Users/James/Library/Mobile Documents/com~apple~CloudDocs/James's Files/Education/Syracuse/Semesters/October 2021/CIS 655 - Advanced computer architecture/HW2/VLQRISC_Simulator/src/VLQRISC_Simulator/system.py", line 178, in execute
    jump_address = segments[2]
IndexError: list index out of range
Fixed int passed in with fixed width integer exceeds limits
Traceback (most recent call last):
  File "/Users/James/Library/Mobile Documents/com~apple~CloudDocs/James's Files/Education/Syracuse/Semesters/October 2021/CIS 655 - Advanced computer architecture/HW2/VLQRISC_Simulator/src/GUI/ui_child.py", line 44, in update
    instruction = instruction_generator.generate()
  File "/Users/James/Library/Mobile Documents/com~apple~CloudDocs/James's Files/Education/Syracuse/Semesters/October 2021/CIS 655 - Advanced computer architecture/HW2/VLQRISC_Simulator/src/VLQRISC_Assembler/instructionGenerator.py", line 31, in generate
    return self.__generate_UNCOND_BRANCH()
  File "/Users/James/Library/Mobile Documents/com~apple~CloudDocs/James's Files/Education/Syracuse/Semesters/October 2021/CIS 655 - Advanced computer architecture/HW2/VLQRISC_Simulator/src/VLQRISC_Assembler/instructionGenerator.py", line 65, in __generate_UNCOND_BRANCH
    jump_address = self.get_jump_address()
  File "/Users/James/Library/Mobile Documents/com~apple~CloudDocs/James's Files/Education/Syracuse/Semesters/October 2021/CIS 655 - Advanced computer architecture/HW2/VLQRISC_Simulator/src/VLQRISC_Assembler/instructionGenerator.py", line 82, in get_jump_address
    jump_address = FWI_unsigned(int(self.jump_address_str), 16)
  File "/Users/James/Library/Mobile Documents/com~apple~CloudDocs/James's Files/Education/Syracuse/Semesters/October 2021/CIS 655 - Advanced computer architecture/HW2/VLQRISC_Simulator/src/Shared/fwi.py", line 158, in __init__
    "Fixed int passed in with fixed width integer exceeds limits")
src.Shared.fwi.FWIOverFlow: Fixed int passed in with fixed width integer exceeds limits
__init__() takes 1 positional argument but 4 were given
Traceback (most recent call last):
  File "/Users/James/Library/Mobile Documents/com~apple~CloudDocs/James's Files/Education/Syracuse/Semesters/October 2021/CIS 655 - Advanced computer architecture/HW2/VLQRISC_Simulator/src/GUI/ui_child.py", line 51, in update
    self.system.execute(instruction)
  File "/Users/James/Library/Mobile Documents/com~apple~CloudDocs/James's Files/Education/Syracuse/Semesters/October 2021/CIS 655 - Advanced computer architecture/HW2/VLQRISC_Simulator/src/VLQRISC_Simulator/system.py", line 172, in execute
    result = cpu_operation_alu(self.alu, rs1.s, rs2.s)
TypeError: __init__() takes 1 positional argument but 4 were given
__init__() takes 1 positional argument but 4 were given
Traceback (most recent call last):
  File "/Users/James/Library/Mobile Documents/com~apple~CloudDocs/James's Files/Education/Syracuse/Semesters/October 2021/CIS 655 - Advanced computer architecture/HW2/VLQRISC_Simulator/src/GUI/ui_child.py", line 51, in update
    self.system.execute(instruction)
  File "/Users/James/Library/Mobile Documents/com~apple~CloudDocs/James's Files/Education/Syracuse/Semesters/October 2021/CIS 655 - Advanced computer architecture/HW2/VLQRISC_Simulator/src/VLQRISC_Simulator/system.py", line 172, in execute
    result = cpu_operation_alu(self.alu, rs1.s, rs2.s)
TypeError: __init__() takes 1 positional argument but 4 were given
Subscripted generics cannot be used with class and instance checks
Traceback (most recent call last):
  File "/Users/James/Library/Mobile Documents/com~apple~CloudDocs/James's Files/Education/Syracuse/Semesters/October 2021/CIS 655 - Advanced computer architecture/HW2/VLQRISC_Simulator/src/GUI/ui_child.py", line 51, in update
    self.system.execute(instruction)
  File "/Users/James/Library/Mobile Documents/com~apple~CloudDocs/James's Files/Education/Syracuse/Semesters/October 2021/CIS 655 - Advanced computer architecture/HW2/VLQRISC_Simulator/src/VLQRISC_Simulator/system.py", line 177, in execute
    if isinstance(cpu_operation_alu, signed_alu_op):
  File "/Library/Frameworks/Python.framework/Versions/3.7/lib/python3.7/typing.py", line 708, in __instancecheck__
    return self.__subclasscheck__(type(obj))
  File "/Library/Frameworks/Python.framework/Versions/3.7/lib/python3.7/typing.py", line 716, in __subclasscheck__
    raise TypeError("Subscripted generics cannot be used with"
TypeError: Subscripted generics cannot be used with class and instance checks
invalid line of input sw $s1
Traceback (most recent call last):
  File "/Users/James/Library/Mobile Documents/com~apple~CloudDocs/James's Files/Education/Syracuse/Semesters/October 2021/CIS 655 - Advanced computer architecture/HW2/VLQRISC_Simulator/src/GUI/ui_child.py", line 37, in update
    line_data = lp.parse()
  File "/Users/James/Library/Mobile Documents/com~apple~CloudDocs/James's Files/Education/Syracuse/Semesters/October 2021/CIS 655 - Advanced computer architecture/HW2/VLQRISC_Simulator/src/VLQRISC_Assembler/parser.py", line 33, in parse
    self.line_data.opcode_int, self.line_data.opcode_str, self.line_data.type = self.__get_op_info()
  File "/Users/James/Library/Mobile Documents/com~apple~CloudDocs/James's Files/Education/Syracuse/Semesters/October 2021/CIS 655 - Advanced computer architecture/HW2/VLQRISC_Simulator/src/VLQRISC_Assembler/parser.py", line 141, in __get_op_info
    raise InvalidOperationInput(f"invalid line of input {self.line}")
src.VLQRISC_Assembler.parser.InvalidOperationInput: invalid line of input sw $s1
invalid line of input sw $s1
Traceback (most recent call last):
  File "/Users/James/Library/Mobile Documents/com~apple~CloudDocs/James's Files/Education/Syracuse/Semesters/October 2021/CIS 655 - Advanced computer architecture/HW2/VLQRISC_Simulator/src/GUI/ui_child.py", line 37, in update
    line_data = lp.parse()
  File "/Users/James/Library/Mobile Documents/com~apple~CloudDocs/James's Files/Education/Syracuse/Semesters/October 2021/CIS 655 - Advanced computer architecture/HW2/VLQRISC_Simulator/src/VLQRISC_Assembler/parser.py", line 33, in parse
    self.line_data.opcode_int, self.line_data.opcode_str, self.line_data.type = self.__get_op_info()
  File "/Users/James/Library/Mobile Documents/com~apple~CloudDocs/James's Files/Education/Syracuse/Semesters/October 2021/CIS 655 - Advanced computer architecture/HW2/VLQRISC_Simulator/src/VLQRISC_Assembler/parser.py", line 141, in __get_op_info
    raise InvalidOperationInput(f"invalid line of input {self.line}")
src.VLQRISC_Assembler.parser.InvalidOperationInput: invalid line of input sw $s1
list indices must be integers or slices, not FWI_unsigned
Traceback (most recent call last):
  File "/Users/James/Library/Mobile Documents/com~apple~CloudDocs/James's Files/Education/Syracuse/Semesters/October 2021/CIS 655 - Advanced computer architecture/HW2/VLQRISC_Simulator/src/GUI/ui_child.py", line 51, in update
    self.system.execute(instruction)
  File "/Users/James/Library/Mobile Documents/com~apple~CloudDocs/James's Files/Education/Syracuse/Semesters/October 2021/CIS 655 - Advanced computer architecture/HW2/VLQRISC_Simulator/src/VLQRISC_Simulator/system.py", line 207, in execute
    reg.to_execute(self, instruction, alu_op_s, alu_op_u)
  File "/Users/James/Library/Mobile Documents/com~apple~CloudDocs/James's Files/Education/Syracuse/Semesters/October 2021/CIS 655 - Advanced computer architecture/HW2/VLQRISC_Simulator/src/VLQRISC_Simulator/system.py", line 258, in __MEMORY
    register = self.register_table[instruction.segments[1]]
TypeError: list indices must be integers or slices, not FWI_unsigned
list indices must be integers or slices, not FWI_unsigned
Traceback (most recent call last):
  File "/Users/James/Library/Mobile Documents/com~apple~CloudDocs/James's Files/Education/Syracuse/Semesters/October 2021/CIS 655 - Advanced computer architecture/HW2/VLQRISC_Simulator/src/GUI/ui_child.py", line 51, in update
    self.system.execute(instruction)
  File "/Users/James/Library/Mobile Documents/com~apple~CloudDocs/James's Files/Education/Syracuse/Semesters/October 2021/CIS 655 - Advanced computer architecture/HW2/VLQRISC_Simulator/src/VLQRISC_Simulator/system.py", line 207, in execute
    reg.to_execute(self, instruction, alu_op_s, alu_op_u)
  File "/Users/James/Library/Mobile Documents/com~apple~CloudDocs/James's Files/Education/Syracuse/Semesters/October 2021/CIS 655 - Advanced computer architecture/HW2/VLQRISC_Simulator/src/VLQRISC_Simulator/system.py", line 258, in __MEMORY
    register = self.register_table[instruction.segments[1]]
TypeError: list indices must be integers or slices, not FWI_unsigned
'Operation' object has no attribute 'mmu_op'
Traceback (most recent call last):
  File "/Users/James/Library/Mobile Documents/com~apple~CloudDocs/James's Files/Education/Syracuse/Semesters/October 2021/CIS 655 - Advanced computer architecture/HW2/VLQRISC_Simulator/src/GUI/ui_child.py", line 51, in update
    self.system.execute(instruction)
  File "/Users/James/Library/Mobile Documents/com~apple~CloudDocs/James's Files/Education/Syracuse/Semesters/October 2021/CIS 655 - Advanced computer architecture/HW2/VLQRISC_Simulator/src/VLQRISC_Simulator/system.py", line 199, in execute
    mmu_op: Optional[mmu_op_callable] = op.value.mmu_op
AttributeError: 'Operation' object has no attribute 'mmu_op'
int() can't convert non-string with explicit base
Traceback (most recent call last):
  File "/Users/James/Library/Mobile Documents/com~apple~CloudDocs/James's Files/Education/Syracuse/Semesters/October 2021/CIS 655 - Advanced computer architecture/HW2/VLQRISC_Simulator/src/GUI/ui_child.py", line 51, in update
    self.system.execute(instruction)
  File "/Users/James/Library/Mobile Documents/com~apple~CloudDocs/James's Files/Education/Syracuse/Semesters/October 2021/CIS 655 - Advanced computer architecture/HW2/VLQRISC_Simulator/src/VLQRISC_Simulator/system.py", line 208, in execute
    reg.to_execute(self, instruction, alu_op_s, alu_op_u, mmu_op)
  File "/Users/James/Library/Mobile Documents/com~apple~CloudDocs/James's Files/Education/Syracuse/Semesters/October 2021/CIS 655 - Advanced computer architecture/HW2/VLQRISC_Simulator/src/VLQRISC_Simulator/system.py", line 262, in __MEMORY
    self.mmu, FWI_unsigned.from_binary_str(address), register)
  File "/Users/James/Library/Mobile Documents/com~apple~CloudDocs/James's Files/Education/Syracuse/Semesters/October 2021/CIS 655 - Advanced computer architecture/HW2/VLQRISC_Simulator/src/Shared/fwi.py", line 206, in from_binary_str
    return cls(unsigned_bin_str_to_int(binary_string), len(binary_string))
  File "/Users/James/Library/Mobile Documents/com~apple~CloudDocs/James's Files/Education/Syracuse/Semesters/October 2021/CIS 655 - Advanced computer architecture/HW2/VLQRISC_Simulator/src/Shared/utils.py", line 98, in unsigned_bin_str_to_int
    return int(string, 2)
TypeError: int() can't convert non-string with explicit base
invalid line of input $s1 = 1 + $$s1
Traceback (most recent call last):
  File "/Users/James/Library/Mobile Documents/com~apple~CloudDocs/James's Files/Education/Syracuse/Semesters/October 2021/CIS 655 - Advanced computer architecture/HW2/VLQRISC_Simulator/src/GUI/ui_child.py", line 37, in update
    line_data = lp.parse()
  File "/Users/James/Library/Mobile Documents/com~apple~CloudDocs/James's Files/Education/Syracuse/Semesters/October 2021/CIS 655 - Advanced computer architecture/HW2/VLQRISC_Simulator/src/VLQRISC_Assembler/parser.py", line 33, in parse
    self.line_data.opcode_int, self.line_data.opcode_str, self.line_data.type = self.__get_op_info()
  File "/Users/James/Library/Mobile Documents/com~apple~CloudDocs/James's Files/Education/Syracuse/Semesters/October 2021/CIS 655 - Advanced computer architecture/HW2/VLQRISC_Simulator/src/VLQRISC_Assembler/parser.py", line 141, in __get_op_info
    raise InvalidOperationInput(f"invalid line of input {self.line}")
src.VLQRISC_Assembler.parser.InvalidOperationInput: invalid line of input $s1 = 1 + $$s1
invalid line of input $s1 = 1 + $$s1
Traceback (most recent call last):
  File "/Users/James/Library/Mobile Documents/com~apple~CloudDocs/James's Files/Education/Syracuse/Semesters/October 2021/CIS 655 - Advanced computer architecture/HW2/VLQRISC_Simulator/src/GUI/ui_child.py", line 37, in update
    line_data = lp.parse()
  File "/Users/James/Library/Mobile Documents/com~apple~CloudDocs/James's Files/Education/Syracuse/Semesters/October 2021/CIS 655 - Advanced computer architecture/HW2/VLQRISC_Simulator/src/VLQRISC_Assembler/parser.py", line 33, in parse
    self.line_data.opcode_int, self.line_data.opcode_str, self.line_data.type = self.__get_op_info()
  File "/Users/James/Library/Mobile Documents/com~apple~CloudDocs/James's Files/Education/Syracuse/Semesters/October 2021/CIS 655 - Advanced computer architecture/HW2/VLQRISC_Simulator/src/VLQRISC_Assembler/parser.py", line 141, in __get_op_info
    raise InvalidOperationInput(f"invalid line of input {self.line}")
src.VLQRISC_Assembler.parser.InvalidOperationInput: invalid line of input $s1 = 1 + $$s1
invalid line of input $sw $s1 0
Traceback (most recent call last):
  File "/Users/James/Library/Mobile Documents/com~apple~CloudDocs/James's Files/Education/Syracuse/Semesters/October 2021/CIS 655 - Advanced computer architecture/HW2/VLQRISC_Simulator/src/GUI/ui_child.py", line 37, in update
    line_data = lp.parse()
  File "/Users/James/Library/Mobile Documents/com~apple~CloudDocs/James's Files/Education/Syracuse/Semesters/October 2021/CIS 655 - Advanced computer architecture/HW2/VLQRISC_Simulator/src/VLQRISC_Assembler/parser.py", line 33, in parse
    self.line_data.opcode_int, self.line_data.opcode_str, self.line_data.type = self.__get_op_info()
  File "/Users/James/Library/Mobile Documents/com~apple~CloudDocs/James's Files/Education/Syracuse/Semesters/October 2021/CIS 655 - Advanced computer architecture/HW2/VLQRISC_Simulator/src/VLQRISC_Assembler/parser.py", line 141, in __get_op_info
    raise InvalidOperationInput(f"invalid line of input {self.line}")
src.VLQRISC_Assembler.parser.InvalidOperationInput: invalid line of input $sw $s1 0
invalid line of input $sw $s1 4
Traceback (most recent call last):
  File "/Users/James/Library/Mobile Documents/com~apple~CloudDocs/James's Files/Education/Syracuse/Semesters/October 2021/CIS 655 - Advanced computer architecture/HW2/VLQRISC_Simulator/src/GUI/ui_child.py", line 37, in update
    line_data = lp.parse()
  File "/Users/James/Library/Mobile Documents/com~apple~CloudDocs/James's Files/Education/Syracuse/Semesters/October 2021/CIS 655 - Advanced computer architecture/HW2/VLQRISC_Simulator/src/VLQRISC_Assembler/parser.py", line 33, in parse
    self.line_data.opcode_int, self.line_data.opcode_str, self.line_data.type = self.__get_op_info()
  File "/Users/James/Library/Mobile Documents/com~apple~CloudDocs/James's Files/Education/Syracuse/Semesters/October 2021/CIS 655 - Advanced computer architecture/HW2/VLQRISC_Simulator/src/VLQRISC_Assembler/parser.py", line 141, in __get_op_info
    raise InvalidOperationInput(f"invalid line of input {self.line}")
src.VLQRISC_Assembler.parser.InvalidOperationInput: invalid line of input $sw $s1 4
Fixed int passed in with fixed width integer exceeds limits
Traceback (most recent call last):
  File "/Users/James/Library/Mobile Documents/com~apple~CloudDocs/James's Files/Education/Syracuse/Semesters/October 2021/CIS 655 - Advanced computer architecture/HW2/VLQRISC_Simulator/src/VLQRISC_Assembler/parser.py", line 52, in get_operands_num_gpr
    self.line_data.tokenized_line[2]), 19)
ValueError: invalid literal for int() with base 10: '$s1'

During handling of the above exception, another exception occurred:

Traceback (most recent call last):
  File "/Users/James/Library/Mobile Documents/com~apple~CloudDocs/James's Files/Education/Syracuse/Semesters/October 2021/CIS 655 - Advanced computer architecture/HW2/VLQRISC_Simulator/src/GUI/ui_child.py", line 37, in update
    line_data = lp.parse()
  File "/Users/James/Library/Mobile Documents/com~apple~CloudDocs/James's Files/Education/Syracuse/Semesters/October 2021/CIS 655 - Advanced computer architecture/HW2/VLQRISC_Simulator/src/VLQRISC_Assembler/parser.py", line 35, in parse
    self.__parse_operands()
  File "/Users/James/Library/Mobile Documents/com~apple~CloudDocs/James's Files/Education/Syracuse/Semesters/October 2021/CIS 655 - Advanced computer architecture/HW2/VLQRISC_Simulator/src/VLQRISC_Assembler/parser.py", line 120, in __parse_operands
    get_operands_num_gpr()
  File "/Users/James/Library/Mobile Documents/com~apple~CloudDocs/James's Files/Education/Syracuse/Semesters/October 2021/CIS 655 - Advanced computer architecture/HW2/VLQRISC_Simulator/src/VLQRISC_Assembler/parser.py", line 58, in get_operands_num_gpr
    self.line_data.tokenized_line[4]), 19)
  File "/Users/James/Library/Mobile Documents/com~apple~CloudDocs/James's Files/Education/Syracuse/Semesters/October 2021/CIS 655 - Advanced computer architecture/HW2/VLQRISC_Simulator/src/Shared/fwi.py", line 158, in __init__
    "Fixed int passed in with fixed width integer exceeds limits")
src.Shared.fwi.FWIOverFlow: Fixed int passed in with fixed width integer exceeds limits
Fixed int passed in with fixed width integer exceeds limits
Traceback (most recent call last):
  File "/Users/James/Library/Mobile Documents/com~apple~CloudDocs/James's Files/Education/Syracuse/Semesters/October 2021/CIS 655 - Advanced computer architecture/HW2/VLQRISC_Simulator/src/VLQRISC_Assembler/parser.py", line 52, in get_operands_num_gpr
    self.line_data.tokenized_line[2]), 19)
ValueError: invalid literal for int() with base 10: '$s1'

During handling of the above exception, another exception occurred:

Traceback (most recent call last):
  File "/Users/James/Library/Mobile Documents/com~apple~CloudDocs/James's Files/Education/Syracuse/Semesters/October 2021/CIS 655 - Advanced computer architecture/HW2/VLQRISC_Simulator/src/GUI/ui_child.py", line 37, in update
    line_data = lp.parse()
  File "/Users/James/Library/Mobile Documents/com~apple~CloudDocs/James's Files/Education/Syracuse/Semesters/October 2021/CIS 655 - Advanced computer architecture/HW2/VLQRISC_Simulator/src/VLQRISC_Assembler/parser.py", line 35, in parse
    self.__parse_operands()
  File "/Users/James/Library/Mobile Documents/com~apple~CloudDocs/James's Files/Education/Syracuse/Semesters/October 2021/CIS 655 - Advanced computer architecture/HW2/VLQRISC_Simulator/src/VLQRISC_Assembler/parser.py", line 120, in __parse_operands
    get_operands_num_gpr()
  File "/Users/James/Library/Mobile Documents/com~apple~CloudDocs/James's Files/Education/Syracuse/Semesters/October 2021/CIS 655 - Advanced computer architecture/HW2/VLQRISC_Simulator/src/VLQRISC_Assembler/parser.py", line 58, in get_operands_num_gpr
    self.line_data.tokenized_line[4]), 19)
  File "/Users/James/Library/Mobile Documents/com~apple~CloudDocs/James's Files/Education/Syracuse/Semesters/October 2021/CIS 655 - Advanced computer architecture/HW2/VLQRISC_Simulator/src/Shared/fwi.py", line 158, in __init__
    "Fixed int passed in with fixed width integer exceeds limits")
src.Shared.fwi.FWIOverFlow: Fixed int passed in with fixed width integer exceeds limits
Fixed int passed in with fixed width integer exceeds limits
Traceback (most recent call last):
  File "/Users/James/Library/Mobile Documents/com~apple~CloudDocs/James's Files/Education/Syracuse/Semesters/October 2021/CIS 655 - Advanced computer architecture/HW2/VLQRISC_Simulator/src/VLQRISC_Assembler/parser.py", line 52, in get_operands_num_gpr
    self.line_data.tokenized_line[2]), 19)
ValueError: invalid literal for int() with base 10: '$s1'

During handling of the above exception, another exception occurred:

Traceback (most recent call last):
  File "/Users/James/Library/Mobile Documents/com~apple~CloudDocs/James's Files/Education/Syracuse/Semesters/October 2021/CIS 655 - Advanced computer architecture/HW2/VLQRISC_Simulator/src/GUI/ui_child.py", line 37, in update
    line_data = lp.parse()
  File "/Users/James/Library/Mobile Documents/com~apple~CloudDocs/James's Files/Education/Syracuse/Semesters/October 2021/CIS 655 - Advanced computer architecture/HW2/VLQRISC_Simulator/src/VLQRISC_Assembler/parser.py", line 35, in parse
    self.__parse_operands()
  File "/Users/James/Library/Mobile Documents/com~apple~CloudDocs/James's Files/Education/Syracuse/Semesters/October 2021/CIS 655 - Advanced computer architecture/HW2/VLQRISC_Simulator/src/VLQRISC_Assembler/parser.py", line 120, in __parse_operands
    get_operands_num_gpr()
  File "/Users/James/Library/Mobile Documents/com~apple~CloudDocs/James's Files/Education/Syracuse/Semesters/October 2021/CIS 655 - Advanced computer architecture/HW2/VLQRISC_Simulator/src/VLQRISC_Assembler/parser.py", line 58, in get_operands_num_gpr
    self.line_data.tokenized_line[4]), 19)
  File "/Users/James/Library/Mobile Documents/com~apple~CloudDocs/James's Files/Education/Syracuse/Semesters/October 2021/CIS 655 - Advanced computer architecture/HW2/VLQRISC_Simulator/src/Shared/fwi.py", line 158, in __init__
    "Fixed int passed in with fixed width integer exceeds limits")
src.Shared.fwi.FWIOverFlow: Fixed int passed in with fixed width integer exceeds limits
Fixed int passed in with fixed width integer exceeds limits
Traceback (most recent call last):
  File "/Users/James/Library/Mobile Documents/com~apple~CloudDocs/James's Files/Education/Syracuse/Semesters/October 2021/CIS 655 - Advanced computer architecture/HW2/VLQRISC_Simulator/src/VLQRISC_Assembler/parser.py", line 52, in get_operands_num_gpr
    self.line_data.tokenized_line[2]), 19)
ValueError: invalid literal for int() with base 10: '$s1'

During handling of the above exception, another exception occurred:

Traceback (most recent call last):
  File "/Users/James/Library/Mobile Documents/com~apple~CloudDocs/James's Files/Education/Syracuse/Semesters/October 2021/CIS 655 - Advanced computer architecture/HW2/VLQRISC_Simulator/src/GUI/ui_child.py", line 37, in update
    line_data = lp.parse()
  File "/Users/James/Library/Mobile Documents/com~apple~CloudDocs/James's Files/Education/Syracuse/Semesters/October 2021/CIS 655 - Advanced computer architecture/HW2/VLQRISC_Simulator/src/VLQRISC_Assembler/parser.py", line 35, in parse
    self.__parse_operands()
  File "/Users/James/Library/Mobile Documents/com~apple~CloudDocs/James's Files/Education/Syracuse/Semesters/October 2021/CIS 655 - Advanced computer architecture/HW2/VLQRISC_Simulator/src/VLQRISC_Assembler/parser.py", line 120, in __parse_operands
    get_operands_num_gpr()
  File "/Users/James/Library/Mobile Documents/com~apple~CloudDocs/James's Files/Education/Syracuse/Semesters/October 2021/CIS 655 - Advanced computer architecture/HW2/VLQRISC_Simulator/src/VLQRISC_Assembler/parser.py", line 58, in get_operands_num_gpr
    self.line_data.tokenized_line[4]), 19)
  File "/Users/James/Library/Mobile Documents/com~apple~CloudDocs/James's Files/Education/Syracuse/Semesters/October 2021/CIS 655 - Advanced computer architecture/HW2/VLQRISC_Simulator/src/Shared/fwi.py", line 158, in __init__
    "Fixed int passed in with fixed width integer exceeds limits")
src.Shared.fwi.FWIOverFlow: Fixed int passed in with fixed width integer exceeds limits
Fixed int passed in with fixed width integer exceeds limits
Traceback (most recent call last):
  File "/Users/James/Library/Mobile Documents/com~apple~CloudDocs/James's Files/Education/Syracuse/Semesters/October 2021/CIS 655 - Advanced computer architecture/HW2/VLQRISC_Simulator/src/VLQRISC_Assembler/parser.py", line 52, in get_operands_num_gpr
    self.line_data.tokenized_line[2]), 19)
ValueError: invalid literal for int() with base 10: '$s1'

During handling of the above exception, another exception occurred:

Traceback (most recent call last):
  File "/Users/James/Library/Mobile Documents/com~apple~CloudDocs/James's Files/Education/Syracuse/Semesters/October 2021/CIS 655 - Advanced computer architecture/HW2/VLQRISC_Simulator/src/GUI/ui_child.py", line 37, in update
    line_data = lp.parse()
  File "/Users/James/Library/Mobile Documents/com~apple~CloudDocs/James's Files/Education/Syracuse/Semesters/October 2021/CIS 655 - Advanced computer architecture/HW2/VLQRISC_Simulator/src/VLQRISC_Assembler/parser.py", line 35, in parse
    self.__parse_operands()
  File "/Users/James/Library/Mobile Documents/com~apple~CloudDocs/James's Files/Education/Syracuse/Semesters/October 2021/CIS 655 - Advanced computer architecture/HW2/VLQRISC_Simulator/src/VLQRISC_Assembler/parser.py", line 120, in __parse_operands
    get_operands_num_gpr()
  File "/Users/James/Library/Mobile Documents/com~apple~CloudDocs/James's Files/Education/Syracuse/Semesters/October 2021/CIS 655 - Advanced computer architecture/HW2/VLQRISC_Simulator/src/VLQRISC_Assembler/parser.py", line 58, in get_operands_num_gpr
    self.line_data.tokenized_line[4]), 19)
  File "/Users/James/Library/Mobile Documents/com~apple~CloudDocs/James's Files/Education/Syracuse/Semesters/October 2021/CIS 655 - Advanced computer architecture/HW2/VLQRISC_Simulator/src/Shared/fwi.py", line 158, in __init__
    "Fixed int passed in with fixed width integer exceeds limits")
src.Shared.fwi.FWIOverFlow: Fixed int passed in with fixed width integer exceeds limits
Fixed int passed in with fixed width integer exceeds limits
Traceback (most recent call last):
  File "/Users/James/Library/Mobile Documents/com~apple~CloudDocs/James's Files/Education/Syracuse/Semesters/October 2021/CIS 655 - Advanced computer architecture/HW2/VLQRISC_Simulator/src/VLQRISC_Assembler/parser.py", line 52, in get_operands_num_gpr
    self.line_data.tokenized_line[2]), 19)
ValueError: invalid literal for int() with base 10: '$s1'

During handling of the above exception, another exception occurred:

Traceback (most recent call last):
  File "/Users/James/Library/Mobile Documents/com~apple~CloudDocs/James's Files/Education/Syracuse/Semesters/October 2021/CIS 655 - Advanced computer architecture/HW2/VLQRISC_Simulator/src/GUI/ui_child.py", line 37, in update
    line_data = lp.parse()
  File "/Users/James/Library/Mobile Documents/com~apple~CloudDocs/James's Files/Education/Syracuse/Semesters/October 2021/CIS 655 - Advanced computer architecture/HW2/VLQRISC_Simulator/src/VLQRISC_Assembler/parser.py", line 35, in parse
    self.__parse_operands()
  File "/Users/James/Library/Mobile Documents/com~apple~CloudDocs/James's Files/Education/Syracuse/Semesters/October 2021/CIS 655 - Advanced computer architecture/HW2/VLQRISC_Simulator/src/VLQRISC_Assembler/parser.py", line 120, in __parse_operands
    get_operands_num_gpr()
  File "/Users/James/Library/Mobile Documents/com~apple~CloudDocs/James's Files/Education/Syracuse/Semesters/October 2021/CIS 655 - Advanced computer architecture/HW2/VLQRISC_Simulator/src/VLQRISC_Assembler/parser.py", line 58, in get_operands_num_gpr
    self.line_data.tokenized_line[4]), 19)
  File "/Users/James/Library/Mobile Documents/com~apple~CloudDocs/James's Files/Education/Syracuse/Semesters/October 2021/CIS 655 - Advanced computer architecture/HW2/VLQRISC_Simulator/src/Shared/fwi.py", line 158, in __init__
    "Fixed int passed in with fixed width integer exceeds limits")
src.Shared.fwi.FWIOverFlow: Fixed int passed in with fixed width integer exceeds limits
Fixed int passed in with fixed width integer exceeds limits
Traceback (most recent call last):
  File "/Users/James/Library/Mobile Documents/com~apple~CloudDocs/James's Files/Education/Syracuse/Semesters/October 2021/CIS 655 - Advanced computer architecture/HW2/VLQRISC_Simulator/src/VLQRISC_Assembler/parser.py", line 52, in get_operands_num_gpr
    self.line_data.tokenized_line[2]), 19)
ValueError: invalid literal for int() with base 10: '$s1'

During handling of the above exception, another exception occurred:

Traceback (most recent call last):
  File "/Users/James/Library/Mobile Documents/com~apple~CloudDocs/James's Files/Education/Syracuse/Semesters/October 2021/CIS 655 - Advanced computer architecture/HW2/VLQRISC_Simulator/src/GUI/ui_child.py", line 37, in update
    line_data = lp.parse()
  File "/Users/James/Library/Mobile Documents/com~apple~CloudDocs/James's Files/Education/Syracuse/Semesters/October 2021/CIS 655 - Advanced computer architecture/HW2/VLQRISC_Simulator/src/VLQRISC_Assembler/parser.py", line 35, in parse
    self.__parse_operands()
  File "/Users/James/Library/Mobile Documents/com~apple~CloudDocs/James's Files/Education/Syracuse/Semesters/October 2021/CIS 655 - Advanced computer architecture/HW2/VLQRISC_Simulator/src/VLQRISC_Assembler/parser.py", line 120, in __parse_operands
    get_operands_num_gpr()
  File "/Users/James/Library/Mobile Documents/com~apple~CloudDocs/James's Files/Education/Syracuse/Semesters/October 2021/CIS 655 - Advanced computer architecture/HW2/VLQRISC_Simulator/src/VLQRISC_Assembler/parser.py", line 58, in get_operands_num_gpr
    self.line_data.tokenized_line[4]), 19)
  File "/Users/James/Library/Mobile Documents/com~apple~CloudDocs/James's Files/Education/Syracuse/Semesters/October 2021/CIS 655 - Advanced computer architecture/HW2/VLQRISC_Simulator/src/Shared/fwi.py", line 158, in __init__
    "Fixed int passed in with fixed width integer exceeds limits")
src.Shared.fwi.FWIOverFlow: Fixed int passed in with fixed width integer exceeds limits
Fixed int passed in with fixed width integer exceeds limits
Traceback (most recent call last):
  File "/Users/James/Library/Mobile Documents/com~apple~CloudDocs/James's Files/Education/Syracuse/Semesters/October 2021/CIS 655 - Advanced computer architecture/HW2/VLQRISC_Simulator/src/VLQRISC_Assembler/parser.py", line 52, in get_operands_num_gpr
    self.line_data.tokenized_line[2]), 19)
ValueError: invalid literal for int() with base 10: '$s1'

During handling of the above exception, another exception occurred:

Traceback (most recent call last):
  File "/Users/James/Library/Mobile Documents/com~apple~CloudDocs/James's Files/Education/Syracuse/Semesters/October 2021/CIS 655 - Advanced computer architecture/HW2/VLQRISC_Simulator/src/GUI/ui_child.py", line 37, in update
    line_data = lp.parse()
  File "/Users/James/Library/Mobile Documents/com~apple~CloudDocs/James's Files/Education/Syracuse/Semesters/October 2021/CIS 655 - Advanced computer architecture/HW2/VLQRISC_Simulator/src/VLQRISC_Assembler/parser.py", line 35, in parse
    self.__parse_operands()
  File "/Users/James/Library/Mobile Documents/com~apple~CloudDocs/James's Files/Education/Syracuse/Semesters/October 2021/CIS 655 - Advanced computer architecture/HW2/VLQRISC_Simulator/src/VLQRISC_Assembler/parser.py", line 120, in __parse_operands
    get_operands_num_gpr()
  File "/Users/James/Library/Mobile Documents/com~apple~CloudDocs/James's Files/Education/Syracuse/Semesters/October 2021/CIS 655 - Advanced computer architecture/HW2/VLQRISC_Simulator/src/VLQRISC_Assembler/parser.py", line 58, in get_operands_num_gpr
    self.line_data.tokenized_line[4]), 19)
  File "/Users/James/Library/Mobile Documents/com~apple~CloudDocs/James's Files/Education/Syracuse/Semesters/October 2021/CIS 655 - Advanced computer architecture/HW2/VLQRISC_Simulator/src/Shared/fwi.py", line 158, in __init__
    "Fixed int passed in with fixed width integer exceeds limits")
src.Shared.fwi.FWIOverFlow: Fixed int passed in with fixed width integer exceeds limits
Fixed int passed in with fixed width integer exceeds limits
Traceback (most recent call last):
  File "/Users/James/Library/Mobile Documents/com~apple~CloudDocs/James's Files/Education/Syracuse/Semesters/October 2021/CIS 655 - Advanced computer architecture/HW2/VLQRISC_Simulator/src/VLQRISC_Assembler/parser.py", line 52, in get_operands_num_gpr
    self.line_data.tokenized_line[2]), 19)
ValueError: invalid literal for int() with base 10: '$s2'

During handling of the above exception, another exception occurred:

Traceback (most recent call last):
  File "/Users/James/Library/Mobile Documents/com~apple~CloudDocs/James's Files/Education/Syracuse/Semesters/October 2021/CIS 655 - Advanced computer architecture/HW2/VLQRISC_Simulator/src/GUI/ui_child.py", line 43, in update
    line_data = lp.parse()
  File "/Users/James/Library/Mobile Documents/com~apple~CloudDocs/James's Files/Education/Syracuse/Semesters/October 2021/CIS 655 - Advanced computer architecture/HW2/VLQRISC_Simulator/src/VLQRISC_Assembler/parser.py", line 35, in parse
    self.__parse_operands()
  File "/Users/James/Library/Mobile Documents/com~apple~CloudDocs/James's Files/Education/Syracuse/Semesters/October 2021/CIS 655 - Advanced computer architecture/HW2/VLQRISC_Simulator/src/VLQRISC_Assembler/parser.py", line 120, in __parse_operands
    get_operands_num_gpr()
  File "/Users/James/Library/Mobile Documents/com~apple~CloudDocs/James's Files/Education/Syracuse/Semesters/October 2021/CIS 655 - Advanced computer architecture/HW2/VLQRISC_Simulator/src/VLQRISC_Assembler/parser.py", line 58, in get_operands_num_gpr
    self.line_data.tokenized_line[4]), 19)
  File "/Users/James/Library/Mobile Documents/com~apple~CloudDocs/James's Files/Education/Syracuse/Semesters/October 2021/CIS 655 - Advanced computer architecture/HW2/VLQRISC_Simulator/src/Shared/fwi.py", line 158, in __init__
    "Fixed int passed in with fixed width integer exceeds limits")
src.Shared.fwi.FWIOverFlow: Fixed int passed in with fixed width integer exceeds limits
'list' object has no attribute 'bits'
Traceback (most recent call last):
  File "/Users/James/Library/Mobile Documents/com~apple~CloudDocs/James's Files/Education/Syracuse/Semesters/October 2021/CIS 655 - Advanced computer architecture/HW2/VLQRISC_Simulator/src/GUI/ui_child.py", line 57, in update
    self.system.execute(instruction)
  File "/Users/James/Library/Mobile Documents/com~apple~CloudDocs/James's Files/Education/Syracuse/Semesters/October 2021/CIS 655 - Advanced computer architecture/HW2/VLQRISC_Simulator/src/VLQRISC_Simulator/system.py", line 218, in execute
    reg.to_execute(self, instruction, alu_op_s, alu_op_u, mmu_op)
  File "/Users/James/Library/Mobile Documents/com~apple~CloudDocs/James's Files/Education/Syracuse/Semesters/October 2021/CIS 655 - Advanced computer architecture/HW2/VLQRISC_Simulator/src/VLQRISC_Simulator/system.py", line 272, in __MEMORY
    self.mmu, address, register)
  File "/Users/James/Library/Mobile Documents/com~apple~CloudDocs/James's Files/Education/Syracuse/Semesters/October 2021/CIS 655 - Advanced computer architecture/HW2/VLQRISC_Simulator/src/VLQRISC_Simulator/system.py", line 108, in LOAD_WORD
    register.set_automatic(self.memory_table[int(address.int/4)])
  File "/Users/James/Library/Mobile Documents/com~apple~CloudDocs/James's Files/Education/Syracuse/Semesters/October 2021/CIS 655 - Advanced computer architecture/HW2/VLQRISC_Simulator/src/VLQRISC_Simulator/system.py", line 134, in set_automatic
    self.set_unsigned(value)
  File "/Users/James/Library/Mobile Documents/com~apple~CloudDocs/James's Files/Education/Syracuse/Semesters/October 2021/CIS 655 - Advanced computer architecture/HW2/VLQRISC_Simulator/src/VLQRISC_Simulator/system.py", line 123, in set_unsigned
    self.s = FWI.from_unsigned(u_value)
  File "/Users/James/Library/Mobile Documents/com~apple~CloudDocs/James's Files/Education/Syracuse/Semesters/October 2021/CIS 655 - Advanced computer architecture/HW2/VLQRISC_Simulator/src/Shared/fwi.py", line 148, in from_unsigned
    return cls.from_binary_str(fwi.bits)
AttributeError: 'list' object has no attribute 'bits'
'<=' not supported between instances of 'int' and 'str'
Traceback (most recent call last):
  File "/Users/James/Library/Mobile Documents/com~apple~CloudDocs/James's Files/Education/Syracuse/Semesters/October 2021/CIS 655 - Advanced computer architecture/HW2/VLQRISC_Simulator/src/GUI/ui_child.py", line 57, in update
    self.system.execute(instruction)
  File "/Users/James/Library/Mobile Documents/com~apple~CloudDocs/James's Files/Education/Syracuse/Semesters/October 2021/CIS 655 - Advanced computer architecture/HW2/VLQRISC_Simulator/src/VLQRISC_Simulator/system.py", line 223, in execute
    reg.to_execute(self, instruction, alu_op_s, alu_op_u, mmu_op)
  File "/Users/James/Library/Mobile Documents/com~apple~CloudDocs/James's Files/Education/Syracuse/Semesters/October 2021/CIS 655 - Advanced computer architecture/HW2/VLQRISC_Simulator/src/VLQRISC_Simulator/system.py", line 277, in __MEMORY
    self.mmu, address, register)
  File "/Users/James/Library/Mobile Documents/com~apple~CloudDocs/James's Files/Education/Syracuse/Semesters/October 2021/CIS 655 - Advanced computer architecture/HW2/VLQRISC_Simulator/src/VLQRISC_Simulator/system.py", line 113, in LOAD_WORD
    register.set_automatic(FWI_unsigned(bin_str, 32))
  File "/Users/James/Library/Mobile Documents/com~apple~CloudDocs/James's Files/Education/Syracuse/Semesters/October 2021/CIS 655 - Advanced computer architecture/HW2/VLQRISC_Simulator/src/Shared/fwi.py", line 156, in __init__
    if not(self._lower <= int <= self._upper):
TypeError: '<=' not supported between instances of 'int' and 'str'
Fixed int passed in with fixed width integer exceeds limits
Traceback (most recent call last):
  File "/Users/James/Library/Mobile Documents/com~apple~CloudDocs/James's Files/Education/Syracuse/Semesters/October 2021/CIS 655 - Advanced computer architecture/HW2/VLQRISC_Simulator/src/VLQRISC_Assembler/parser.py", line 52, in get_operands_num_gpr
    self.line_data.tokenized_line[2]), 19)
ValueError: invalid literal for int() with base 10: '$s1'

During handling of the above exception, another exception occurred:

Traceback (most recent call last):
  File "/Users/James/Library/Mobile Documents/com~apple~CloudDocs/James's Files/Education/Syracuse/Semesters/October 2021/CIS 655 - Advanced computer architecture/HW2/VLQRISC_Simulator/src/GUI/ui_child.py", line 44, in update
    line_data = lp.parse()
  File "/Users/James/Library/Mobile Documents/com~apple~CloudDocs/James's Files/Education/Syracuse/Semesters/October 2021/CIS 655 - Advanced computer architecture/HW2/VLQRISC_Simulator/src/VLQRISC_Assembler/parser.py", line 35, in parse
    self.__parse_operands()
  File "/Users/James/Library/Mobile Documents/com~apple~CloudDocs/James's Files/Education/Syracuse/Semesters/October 2021/CIS 655 - Advanced computer architecture/HW2/VLQRISC_Simulator/src/VLQRISC_Assembler/parser.py", line 120, in __parse_operands
    get_operands_num_gpr()
  File "/Users/James/Library/Mobile Documents/com~apple~CloudDocs/James's Files/Education/Syracuse/Semesters/October 2021/CIS 655 - Advanced computer architecture/HW2/VLQRISC_Simulator/src/VLQRISC_Assembler/parser.py", line 58, in get_operands_num_gpr
    self.line_data.tokenized_line[4]), 19)
  File "/Users/James/Library/Mobile Documents/com~apple~CloudDocs/James's Files/Education/Syracuse/Semesters/October 2021/CIS 655 - Advanced computer architecture/HW2/VLQRISC_Simulator/src/Shared/fwi.py", line 158, in __init__
    "Fixed int passed in with fixed width integer exceeds limits")
src.Shared.fwi.FWIOverFlow: Fixed int passed in with fixed width integer exceeds limits
invalid line of input 
Traceback (most recent call last):
  File "/Users/James/Library/Mobile Documents/com~apple~CloudDocs/James's Files/Education/Syracuse/Semesters/October 2021/CIS 655 - Advanced computer architecture/HW2/VLQRISC_Simulator/src/GUI/ui_child.py", line 44, in update
    line_data = lp.parse()
  File "/Users/James/Library/Mobile Documents/com~apple~CloudDocs/James's Files/Education/Syracuse/Semesters/October 2021/CIS 655 - Advanced computer architecture/HW2/VLQRISC_Simulator/src/VLQRISC_Assembler/parser.py", line 33, in parse
    self.line_data.opcode_int, self.line_data.opcode_str, self.line_data.type = self.__get_op_info()
  File "/Users/James/Library/Mobile Documents/com~apple~CloudDocs/James's Files/Education/Syracuse/Semesters/October 2021/CIS 655 - Advanced computer architecture/HW2/VLQRISC_Simulator/src/VLQRISC_Assembler/parser.py", line 141, in __get_op_info
    raise InvalidOperationInput(f"invalid line of input {self.line}")
src.VLQRISC_Assembler.parser.InvalidOperationInput: invalid line of input 
invalid line of input 
Traceback (most recent call last):
  File "/Users/James/Library/Mobile Documents/com~apple~CloudDocs/James's Files/Education/Syracuse/Semesters/October 2021/CIS 655 - Advanced computer architecture/HW2/VLQRISC_Simulator/src/GUI/ui_child.py", line 44, in update
    line_data = lp.parse()
  File "/Users/James/Library/Mobile Documents/com~apple~CloudDocs/James's Files/Education/Syracuse/Semesters/October 2021/CIS 655 - Advanced computer architecture/HW2/VLQRISC_Simulator/src/VLQRISC_Assembler/parser.py", line 33, in parse
    self.line_data.opcode_int, self.line_data.opcode_str, self.line_data.type = self.__get_op_info()
  File "/Users/James/Library/Mobile Documents/com~apple~CloudDocs/James's Files/Education/Syracuse/Semesters/October 2021/CIS 655 - Advanced computer architecture/HW2/VLQRISC_Simulator/src/VLQRISC_Assembler/parser.py", line 141, in __get_op_info
    raise InvalidOperationInput(f"invalid line of input {self.line}")
src.VLQRISC_Assembler.parser.InvalidOperationInput: invalid line of input 
Fixed int passed in with fixed width integer exceeds limits
Traceback (most recent call last):
  File "/Users/James/Library/Mobile Documents/com~apple~CloudDocs/James's Files/Education/Syracuse/Semesters/October 2021/CIS 655 - Advanced computer architecture/HW2/VLQRISC_Simulator/src/VLQRISC_Assembler/parser.py", line 52, in get_operands_num_gpr
    self.line_data.tokenized_line[2]), 19)
ValueError: invalid literal for int() with base 10: '$s1'

During handling of the above exception, another exception occurred:

Traceback (most recent call last):
  File "/Users/James/Library/Mobile Documents/com~apple~CloudDocs/James's Files/Education/Syracuse/Semesters/October 2021/CIS 655 - Advanced computer architecture/HW2/VLQRISC_Simulator/src/GUI/ui_child.py", line 44, in update
    line_data = lp.parse()
  File "/Users/James/Library/Mobile Documents/com~apple~CloudDocs/James's Files/Education/Syracuse/Semesters/October 2021/CIS 655 - Advanced computer architecture/HW2/VLQRISC_Simulator/src/VLQRISC_Assembler/parser.py", line 35, in parse
    self.__parse_operands()
  File "/Users/James/Library/Mobile Documents/com~apple~CloudDocs/James's Files/Education/Syracuse/Semesters/October 2021/CIS 655 - Advanced computer architecture/HW2/VLQRISC_Simulator/src/VLQRISC_Assembler/parser.py", line 120, in __parse_operands
    get_operands_num_gpr()
  File "/Users/James/Library/Mobile Documents/com~apple~CloudDocs/James's Files/Education/Syracuse/Semesters/October 2021/CIS 655 - Advanced computer architecture/HW2/VLQRISC_Simulator/src/VLQRISC_Assembler/parser.py", line 58, in get_operands_num_gpr
    self.line_data.tokenized_line[4]), 19)
  File "/Users/James/Library/Mobile Documents/com~apple~CloudDocs/James's Files/Education/Syracuse/Semesters/October 2021/CIS 655 - Advanced computer architecture/HW2/VLQRISC_Simulator/src/Shared/fwi.py", line 158, in __init__
    "Fixed int passed in with fixed width integer exceeds limits")
src.Shared.fwi.FWIOverFlow: Fixed int passed in with fixed width integer exceeds limits
invalid line of input sw $s1 4
Traceback (most recent call last):
  File "/Users/James/Library/Mobile Documents/com~apple~CloudDocs/James's Files/Education/Syracuse/Semesters/October 2021/CIS 655 - Advanced computer architecture/HW2/VLQRISC_Simulator/src/GUI/ui_child.py", line 44, in update
    line_data = lp.parse()
  File "/Users/James/Library/Mobile Documents/com~apple~CloudDocs/James's Files/Education/Syracuse/Semesters/October 2021/CIS 655 - Advanced computer architecture/HW2/VLQRISC_Simulator/src/VLQRISC_Assembler/parser.py", line 33, in parse
    self.line_data.opcode_int, self.line_data.opcode_str, self.line_data.type = self.__get_op_info()
  File "/Users/James/Library/Mobile Documents/com~apple~CloudDocs/James's Files/Education/Syracuse/Semesters/October 2021/CIS 655 - Advanced computer architecture/HW2/VLQRISC_Simulator/src/VLQRISC_Assembler/parser.py", line 141, in __get_op_info
    raise InvalidOperationInput(f"invalid line of input {self.line}")
src.VLQRISC_Assembler.parser.InvalidOperationInput: invalid line of input sw $s1 4
Labels input is not implemented
Traceback (most recent call last):
  File "/Users/James/Library/Mobile Documents/com~apple~CloudDocs/James's Files/Education/Syracuse/Semesters/October 2021/CIS 655 - Advanced computer architecture/HW2/VLQRISC_Simulator/src/GUI/ui_child.py", line 51, in update
    instruction = instruction_generator.generate()
  File "/Users/James/Library/Mobile Documents/com~apple~CloudDocs/James's Files/Education/Syracuse/Semesters/October 2021/CIS 655 - Advanced computer architecture/HW2/VLQRISC_Simulator/src/VLQRISC_Assembler/instructionGenerator.py", line 33, in generate
    return self.__generate_MEMORY()
  File "/Users/James/Library/Mobile Documents/com~apple~CloudDocs/James's Files/Education/Syracuse/Semesters/October 2021/CIS 655 - Advanced computer architecture/HW2/VLQRISC_Simulator/src/VLQRISC_Assembler/instructionGenerator.py", line 71, in __generate_MEMORY
    address = self.get_address()
  File "/Users/James/Library/Mobile Documents/com~apple~CloudDocs/James's Files/Education/Syracuse/Semesters/October 2021/CIS 655 - Advanced computer architecture/HW2/VLQRISC_Simulator/src/VLQRISC_Assembler/instructionGenerator.py", line 90, in get_address
    raise NotImplementedError("Labels input is not implemented")
NotImplementedError: Labels input is not implemented
'InstructionGenerator' object has no attribute 'address_str'
Traceback (most recent call last):
  File "/Users/James/Library/Mobile Documents/com~apple~CloudDocs/James's Files/Education/Syracuse/Semesters/October 2021/CIS 655 - Advanced computer architecture/HW2/VLQRISC_Simulator/src/GUI/ui_child.py", line 51, in update
    instruction = instruction_generator.generate()
  File "/Users/James/Library/Mobile Documents/com~apple~CloudDocs/James's Files/Education/Syracuse/Semesters/October 2021/CIS 655 - Advanced computer architecture/HW2/VLQRISC_Simulator/src/VLQRISC_Assembler/instructionGenerator.py", line 33, in generate
    return self.__generate_MEMORY()
  File "/Users/James/Library/Mobile Documents/com~apple~CloudDocs/James's Files/Education/Syracuse/Semesters/October 2021/CIS 655 - Advanced computer architecture/HW2/VLQRISC_Simulator/src/VLQRISC_Assembler/instructionGenerator.py", line 71, in __generate_MEMORY
    address = self.get_address()
  File "/Users/James/Library/Mobile Documents/com~apple~CloudDocs/James's Files/Education/Syracuse/Semesters/October 2021/CIS 655 - Advanced computer architecture/HW2/VLQRISC_Simulator/src/VLQRISC_Assembler/instructionGenerator.py", line 81, in get_address
    if self.address_str[0:2] == "0b":
AttributeError: 'InstructionGenerator' object has no attribute 'address_str'
'InstructionGenerator' object has no attribute 'address_str'
Traceback (most recent call last):
  File "/Users/James/Library/Mobile Documents/com~apple~CloudDocs/James's Files/Education/Syracuse/Semesters/October 2021/CIS 655 - Advanced computer architecture/HW2/VLQRISC_Simulator/src/GUI/ui_child.py", line 51, in update
    instruction = instruction_generator.generate()
  File "/Users/James/Library/Mobile Documents/com~apple~CloudDocs/James's Files/Education/Syracuse/Semesters/October 2021/CIS 655 - Advanced computer architecture/HW2/VLQRISC_Simulator/src/VLQRISC_Assembler/instructionGenerator.py", line 33, in generate
    return self.__generate_MEMORY()
  File "/Users/James/Library/Mobile Documents/com~apple~CloudDocs/James's Files/Education/Syracuse/Semesters/October 2021/CIS 655 - Advanced computer architecture/HW2/VLQRISC_Simulator/src/VLQRISC_Assembler/instructionGenerator.py", line 71, in __generate_MEMORY
    if self.address_str:
AttributeError: 'InstructionGenerator' object has no attribute 'address_str'
'InstructionGenerator' object has no attribute 'address_str'
Traceback (most recent call last):
  File "/Users/James/Library/Mobile Documents/com~apple~CloudDocs/James's Files/Education/Syracuse/Semesters/October 2021/CIS 655 - Advanced computer architecture/HW2/VLQRISC_Simulator/src/GUI/ui_child.py", line 51, in update
    instruction = instruction_generator.generate()
  File "/Users/James/Library/Mobile Documents/com~apple~CloudDocs/James's Files/Education/Syracuse/Semesters/October 2021/CIS 655 - Advanced computer architecture/HW2/VLQRISC_Simulator/src/VLQRISC_Assembler/instructionGenerator.py", line 33, in generate
    return self.__generate_MEMORY()
  File "/Users/James/Library/Mobile Documents/com~apple~CloudDocs/James's Files/Education/Syracuse/Semesters/October 2021/CIS 655 - Advanced computer architecture/HW2/VLQRISC_Simulator/src/VLQRISC_Assembler/instructionGenerator.py", line 71, in __generate_MEMORY
    if self.address_str:
AttributeError: 'InstructionGenerator' object has no attribute 'address_str'
Labels input is not implemented
Traceback (most recent call last):
  File "/Users/James/Library/Mobile Documents/com~apple~CloudDocs/James's Files/Education/Syracuse/Semesters/October 2021/CIS 655 - Advanced computer architecture/HW2/VLQRISC_Simulator/src/GUI/ui_child.py", line 51, in update
    instruction = instruction_generator.generate()
  File "/Users/James/Library/Mobile Documents/com~apple~CloudDocs/James's Files/Education/Syracuse/Semesters/October 2021/CIS 655 - Advanced computer architecture/HW2/VLQRISC_Simulator/src/VLQRISC_Assembler/instructionGenerator.py", line 39, in generate
    return self.__generate_MEMORY()
  File "/Users/James/Library/Mobile Documents/com~apple~CloudDocs/James's Files/Education/Syracuse/Semesters/October 2021/CIS 655 - Advanced computer architecture/HW2/VLQRISC_Simulator/src/VLQRISC_Assembler/instructionGenerator.py", line 78, in __generate_MEMORY
    address = self.get_address()
  File "/Users/James/Library/Mobile Documents/com~apple~CloudDocs/James's Files/Education/Syracuse/Semesters/October 2021/CIS 655 - Advanced computer architecture/HW2/VLQRISC_Simulator/src/VLQRISC_Assembler/instructionGenerator.py", line 103, in get_address
    raise NotImplementedError("Labels input is not implemented")
NotImplementedError: Labels input is not implemented
Labels input is not implemented
Traceback (most recent call last):
  File "/Users/James/Library/Mobile Documents/com~apple~CloudDocs/James's Files/Education/Syracuse/Semesters/October 2021/CIS 655 - Advanced computer architecture/HW2/VLQRISC_Simulator/src/GUI/ui_child.py", line 51, in update
    instruction = instruction_generator.generate()
  File "/Users/James/Library/Mobile Documents/com~apple~CloudDocs/James's Files/Education/Syracuse/Semesters/October 2021/CIS 655 - Advanced computer architecture/HW2/VLQRISC_Simulator/src/VLQRISC_Assembler/instructionGenerator.py", line 39, in generate
    return self.__generate_MEMORY()
  File "/Users/James/Library/Mobile Documents/com~apple~CloudDocs/James's Files/Education/Syracuse/Semesters/October 2021/CIS 655 - Advanced computer architecture/HW2/VLQRISC_Simulator/src/VLQRISC_Assembler/instructionGenerator.py", line 78, in __generate_MEMORY
    address = self.get_address()
  File "/Users/James/Library/Mobile Documents/com~apple~CloudDocs/James's Files/Education/Syracuse/Semesters/October 2021/CIS 655 - Advanced computer architecture/HW2/VLQRISC_Simulator/src/VLQRISC_Assembler/instructionGenerator.py", line 103, in get_address
    raise NotImplementedError("Labels input is not implemented")
NotImplementedError: Labels input is not implemented
Word addresses must be divisible by 4
Traceback (most recent call last):
  File "/Users/James/Library/Mobile Documents/com~apple~CloudDocs/James's Files/Education/Syracuse/Semesters/October 2021/CIS 655 - Advanced computer architecture/HW2/VLQRISC_Simulator/src/GUI/ui_child.py", line 58, in update
    self.system.execute(instruction)
  File "/Users/James/Library/Mobile Documents/com~apple~CloudDocs/James's Files/Education/Syracuse/Semesters/October 2021/CIS 655 - Advanced computer architecture/HW2/VLQRISC_Simulator/src/VLQRISC_Simulator/system.py", line 240, in execute
    reg.to_execute(self, instruction, alu_op_s, alu_op_u, mmu_op)
  File "/Users/James/Library/Mobile Documents/com~apple~CloudDocs/James's Files/Education/Syracuse/Semesters/October 2021/CIS 655 - Advanced computer architecture/HW2/VLQRISC_Simulator/src/VLQRISC_Simulator/system.py", line 297, in __MEMORY
    self.mmu, address, data_register)
  File "/Users/James/Library/Mobile Documents/com~apple~CloudDocs/James's Files/Education/Syracuse/Semesters/October 2021/CIS 655 - Advanced computer architecture/HW2/VLQRISC_Simulator/src/VLQRISC_Simulator/system.py", line 98, in STORE_WORD
    raise Exception("Word addresses must be divisible by 4")
Exception: Word addresses must be divisible by 4
invalid line of input sw $s0 + -4
Traceback (most recent call last):
  File "/Users/James/Library/Mobile Documents/com~apple~CloudDocs/James's Files/Education/Syracuse/Semesters/October 2021/CIS 655 - Advanced computer architecture/HW2/VLQRISC_Simulator/src/GUI/ui_child.py", line 44, in update
    line_data = lp.parse()
  File "/Users/James/Library/Mobile Documents/com~apple~CloudDocs/James's Files/Education/Syracuse/Semesters/October 2021/CIS 655 - Advanced computer architecture/HW2/VLQRISC_Simulator/src/VLQRISC_Assembler/parser.py", line 33, in parse
    self.line_data.opcode_int, self.line_data.opcode_str, self.line_data.type = self.__get_op_info()
  File "/Users/James/Library/Mobile Documents/com~apple~CloudDocs/James's Files/Education/Syracuse/Semesters/October 2021/CIS 655 - Advanced computer architecture/HW2/VLQRISC_Simulator/src/VLQRISC_Assembler/parser.py", line 154, in __get_op_info
    raise InvalidOperationInput(f"invalid line of input {self.line}")
src.VLQRISC_Assembler.parser.InvalidOperationInput: invalid line of input sw $s0 + -4
Word addresses must be divisible by 4
Traceback (most recent call last):
  File "/Users/James/Library/Mobile Documents/com~apple~CloudDocs/James's Files/Education/Syracuse/Semesters/October 2021/CIS 655 - Advanced computer architecture/HW2/VLQRISC_Simulator/src/GUI/ui_child.py", line 58, in update
    self.system.execute(instruction)
  File "/Users/James/Library/Mobile Documents/com~apple~CloudDocs/James's Files/Education/Syracuse/Semesters/October 2021/CIS 655 - Advanced computer architecture/HW2/VLQRISC_Simulator/src/VLQRISC_Simulator/system.py", line 240, in execute
    reg.to_execute(self, instruction, alu_op_s, alu_op_u, mmu_op)
  File "/Users/James/Library/Mobile Documents/com~apple~CloudDocs/James's Files/Education/Syracuse/Semesters/October 2021/CIS 655 - Advanced computer architecture/HW2/VLQRISC_Simulator/src/VLQRISC_Simulator/system.py", line 297, in __MEMORY
    self.mmu, address, data_register)
  File "/Users/James/Library/Mobile Documents/com~apple~CloudDocs/James's Files/Education/Syracuse/Semesters/October 2021/CIS 655 - Advanced computer architecture/HW2/VLQRISC_Simulator/src/VLQRISC_Simulator/system.py", line 98, in STORE_WORD
    raise Exception("Word addresses must be divisible by 4")
Exception: Word addresses must be divisible by 4
invalid line of input If($s1 == $2) j 16
Traceback (most recent call last):
  File "/Users/James/Library/Mobile Documents/com~apple~CloudDocs/James's Files/Education/Syracuse/Semesters/October 2021/CIS 655 - Advanced computer architecture/HW2/VLQRISC_Simulator/src/GUI/ui_child.py", line 44, in update
    line_data = lp.parse()
  File "/Users/James/Library/Mobile Documents/com~apple~CloudDocs/James's Files/Education/Syracuse/Semesters/October 2021/CIS 655 - Advanced computer architecture/HW2/VLQRISC_Simulator/src/VLQRISC_Assembler/parser.py", line 33, in parse
    self.line_data.opcode_int, self.line_data.opcode_str, self.line_data.type = self.__get_op_info()
  File "/Users/James/Library/Mobile Documents/com~apple~CloudDocs/James's Files/Education/Syracuse/Semesters/October 2021/CIS 655 - Advanced computer architecture/HW2/VLQRISC_Simulator/src/VLQRISC_Assembler/parser.py", line 154, in __get_op_info
    raise InvalidOperationInput(f"invalid line of input {self.line}")
src.VLQRISC_Assembler.parser.InvalidOperationInput: invalid line of input If($s1 == $2) j 16
invalid line of input If($s1 != $2) j 16
Traceback (most recent call last):
  File "/Users/James/Library/Mobile Documents/com~apple~CloudDocs/James's Files/Education/Syracuse/Semesters/October 2021/CIS 655 - Advanced computer architecture/HW2/VLQRISC_Simulator/src/GUI/ui_child.py", line 44, in update
    line_data = lp.parse()
  File "/Users/James/Library/Mobile Documents/com~apple~CloudDocs/James's Files/Education/Syracuse/Semesters/October 2021/CIS 655 - Advanced computer architecture/HW2/VLQRISC_Simulator/src/VLQRISC_Assembler/parser.py", line 33, in parse
    self.line_data.opcode_int, self.line_data.opcode_str, self.line_data.type = self.__get_op_info()
  File "/Users/James/Library/Mobile Documents/com~apple~CloudDocs/James's Files/Education/Syracuse/Semesters/October 2021/CIS 655 - Advanced computer architecture/HW2/VLQRISC_Simulator/src/VLQRISC_Assembler/parser.py", line 154, in __get_op_info
    raise InvalidOperationInput(f"invalid line of input {self.line}")
src.VLQRISC_Assembler.parser.InvalidOperationInput: invalid line of input If($s1 != $2) j 16
invalid line of input If($s1 != $2) j 0b100
Traceback (most recent call last):
  File "/Users/James/Library/Mobile Documents/com~apple~CloudDocs/James's Files/Education/Syracuse/Semesters/October 2021/CIS 655 - Advanced computer architecture/HW2/VLQRISC_Simulator/src/GUI/ui_child.py", line 44, in update
    line_data = lp.parse()
  File "/Users/James/Library/Mobile Documents/com~apple~CloudDocs/James's Files/Education/Syracuse/Semesters/October 2021/CIS 655 - Advanced computer architecture/HW2/VLQRISC_Simulator/src/VLQRISC_Assembler/parser.py", line 33, in parse
    self.line_data.opcode_int, self.line_data.opcode_str, self.line_data.type = self.__get_op_info()
  File "/Users/James/Library/Mobile Documents/com~apple~CloudDocs/James's Files/Education/Syracuse/Semesters/October 2021/CIS 655 - Advanced computer architecture/HW2/VLQRISC_Simulator/src/VLQRISC_Assembler/parser.py", line 154, in __get_op_info
    raise InvalidOperationInput(f"invalid line of input {self.line}")
src.VLQRISC_Assembler.parser.InvalidOperationInput: invalid line of input If($s1 != $2) j 0b100
invalid line of input If($s1 > $2) j 0b100
Traceback (most recent call last):
  File "/Users/James/Library/Mobile Documents/com~apple~CloudDocs/James's Files/Education/Syracuse/Semesters/October 2021/CIS 655 - Advanced computer architecture/HW2/VLQRISC_Simulator/src/GUI/ui_child.py", line 44, in update
    line_data = lp.parse()
  File "/Users/James/Library/Mobile Documents/com~apple~CloudDocs/James's Files/Education/Syracuse/Semesters/October 2021/CIS 655 - Advanced computer architecture/HW2/VLQRISC_Simulator/src/VLQRISC_Assembler/parser.py", line 33, in parse
    self.line_data.opcode_int, self.line_data.opcode_str, self.line_data.type = self.__get_op_info()
  File "/Users/James/Library/Mobile Documents/com~apple~CloudDocs/James's Files/Education/Syracuse/Semesters/October 2021/CIS 655 - Advanced computer architecture/HW2/VLQRISC_Simulator/src/VLQRISC_Assembler/parser.py", line 154, in __get_op_info
    raise InvalidOperationInput(f"invalid line of input {self.line}")
src.VLQRISC_Assembler.parser.InvalidOperationInput: invalid line of input If($s1 > $2) j 0b100
invalid line of input If($s1 == $s2) j 16
Traceback (most recent call last):
  File "/Users/James/Library/Mobile Documents/com~apple~CloudDocs/James's Files/Education/Syracuse/Semesters/October 2021/CIS 655 - Advanced computer architecture/HW2/VLQRISC_Simulator/src/GUI/ui_child.py", line 44, in update
    line_data = lp.parse()
  File "/Users/James/Library/Mobile Documents/com~apple~CloudDocs/James's Files/Education/Syracuse/Semesters/October 2021/CIS 655 - Advanced computer architecture/HW2/VLQRISC_Simulator/src/VLQRISC_Assembler/parser.py", line 33, in parse
    self.line_data.opcode_int, self.line_data.opcode_str, self.line_data.type = self.__get_op_info()
  File "/Users/James/Library/Mobile Documents/com~apple~CloudDocs/James's Files/Education/Syracuse/Semesters/October 2021/CIS 655 - Advanced computer architecture/HW2/VLQRISC_Simulator/src/VLQRISC_Assembler/parser.py", line 154, in __get_op_info
    raise InvalidOperationInput(f"invalid line of input {self.line}")
src.VLQRISC_Assembler.parser.InvalidOperationInput: invalid line of input If($s1 == $s2) j 16
